// Jest Snapshot v1, https://goo.gl/fbAQLP

exports[`Profiler works in profiling and non-profiling bundles enableSchedulerTracking:disabled enableProfilerTimer:disabled should render children 1`] = `
<div>
  <span>
    outside span
  </span>
  <span>
    inside span
  </span>
  <span>
    functional component
  </span>
</div>
`;

exports[`Profiler works in profiling and non-profiling bundles enableSchedulerTracking:disabled enableProfilerTimer:disabled should support an empty Profiler (with no children) 1`] = `null`;

exports[`Profiler works in profiling and non-profiling bundles enableSchedulerTracking:disabled enableProfilerTimer:disabled should support an empty Profiler (with no children) 2`] = `<div />`;

exports[`Profiler works in profiling and non-profiling bundles enableSchedulerTracking:disabled enableProfilerTimer:disabled should support nested Profilers 1`] = `
Array [
  <div>
    outer functional component
  </div>,
  <block>
    inner class component
  </block>,
  <span>
    inner span
  </span>,
]
`;

exports[`Profiler works in profiling and non-profiling bundles enableSchedulerTracking:disabled enableProfilerTimer:enabled should render children 1`] = `
<div>
  <span>
    outside span
  </span>
  <span>
    inside span
  </span>
  <span>
    functional component
  </span>
</div>
`;

exports[`Profiler works in profiling and non-profiling bundles enableSchedulerTracking:disabled enableProfilerTimer:enabled should support an empty Profiler (with no children) 1`] = `null`;

exports[`Profiler works in profiling and non-profiling bundles enableSchedulerTracking:disabled enableProfilerTimer:enabled should support an empty Profiler (with no children) 2`] = `<div />`;

exports[`Profiler works in profiling and non-profiling bundles enableSchedulerTracking:disabled enableProfilerTimer:enabled should support nested Profilers 1`] = `
Array [
  <div>
    outer functional component
  </div>,
  <block>
    inner class component
  </block>,
  <span>
    inner span
  </span>,
]
`;

exports[`Profiler works in profiling and non-profiling bundles enableSchedulerTracking:enabled enableProfilerTimer:disabled should render children 1`] = `
<div>
  <span>
    outside span
  </span>
  <span>
    inside span
  </span>
  <span>
    functional component
  </span>
</div>
`;

exports[`Profiler works in profiling and non-profiling bundles enableSchedulerTracking:enabled enableProfilerTimer:disabled should support an empty Profiler (with no children) 1`] = `null`;

exports[`Profiler works in profiling and non-profiling bundles enableSchedulerTracking:enabled enableProfilerTimer:disabled should support an empty Profiler (with no children) 2`] = `<div />`;

exports[`Profiler works in profiling and non-profiling bundles enableSchedulerTracking:enabled enableProfilerTimer:disabled should support nested Profilers 1`] = `
Array [
  <div>
    outer functional component
  </div>,
  <block>
    inner class component
  </block>,
  <span>
    inner span
  </span>,
]
`;

exports[`Profiler works in profiling and non-profiling bundles enableSchedulerTracking:enabled enableProfilerTimer:enabled should render children 1`] = `
<div>
  <span>
    outside span
  </span>
  <span>
    inside span
  </span>
  <span>
    functional component
  </span>
</div>
`;

exports[`Profiler works in profiling and non-profiling bundles enableSchedulerTracking:enabled enableProfilerTimer:enabled should support an empty Profiler (with no children) 1`] = `null`;

exports[`Profiler works in profiling and non-profiling bundles enableSchedulerTracking:enabled enableProfilerTimer:enabled should support an empty Profiler (with no children) 2`] = `<div />`;

exports[`Profiler works in profiling and non-profiling bundles enableSchedulerTracking:enabled enableProfilerTimer:enabled should support nested Profilers 1`] = `
Array [
  <div>
    outer functional component
  </div>,
  <block>
    inner class component
  </block>,
  <span>
    inner span
  </span>,
]
`;
