// Jest Snapshot v1, https://goo.gl/fbAQLP

exports[`ReactFlightNativeRelay can render a client component using a module reference and render there 1`] = `
"1
 RCTText null
   RCTRawText {\\"text\\":\\"Hello\\"}
   RCTRawText {\\"text\\":\\", \\"}
   RCTRawText {\\"text\\":\\"Seb Smith\\"}"
`;

exports[`ReactFlightNativeRelay can render a server component 1`] = `
Object {
  "foo": Object {
    "bar": <RCTView>
      <RCTText>
        A
      </RCTText>
       
      <RCTText>
        B
      </RCTText>
    </RCTView>,
  },
}
`;
